// Jest Snapshot v1, https://goo.gl/fbAQLP

exports[`matches snapshot 1`] = `
<DocumentFragment>
  .c0 {
  height: 3rem;
  min-width: 10rem;
  width: 100%;
  border: none;
  background: #000;
  color: #fff;
  border-radius: 0.25rem;
  font-size: xxxl:18px;
  xxl: 16px;
  md: 12px;
  cursor: pointer;
}

<button
    class="c0"
  >
    Hello World!
  </button>
</DocumentFragment>
`;
