// Jest Snapshot v1, https://goo.gl/fbAQLP

exports[`matches snapshot 1`] = `
<DocumentFragment>
  .c0 {
  display: block;
  color: black;
  -webkit-text-decoration: none;
  text-decoration: none;
}

.c0:hover {
  color: black;
}

<a
    class="c0"
    href="/home"
  >
    Home
  </a>
</DocumentFragment>
`;
